// Jest Snapshot v1, https://goo.gl/fbAQLP

exports[`Index component should match the snapshot 1`] = `
<div>
  <h1>
    Goals
  </h1>
</div>
`;
