// Jest Snapshot v1, https://goo.gl/fbAQLP

exports[`Register Form component should match the snapshot 1`] = `
<div>
  <h1>
    Register
  </h1>
</div>
`;
